// Vitest Snapshot v1, https://vitest.dev/guide/snapshot.html

exports[`explain() snapshot over the three fixture games > https://lichess.org/4S1PZUvW 1`] = `
[
  "1 | best | StillMate | Re2 is best | You keep the mating attack going: mate in 8. | ",
  "2 | best | Generic | Kd3 is best | The strongest move in the position. | ",
  "3 | best | StillMate | Rd1+ is best | You keep the mating attack going: mate in 5. | ",
  "4 | best | Generic | Kc3 is best | The strongest move in the position. | ",
  "5 | best | StillMate | Re8 is best | You keep the mating attack going: mate in 4. | ",
  "6 | best | Generic | Kc2 is best | The strongest move in the position. | ",
  "7 | best | StillMate | Rc8+ is best | You keep the mating attack going: mate in 3. | ",
  "8 | best | Generic | Kb2 is best | The strongest move in the position. | ",
  "9 | best | StillMate | Rd7 is best | You keep the mating attack going: mate in 2. | ",
  "10 | best | Generic | Ka3 is best | The strongest move in the position. | ",
  "11 | best | StillMate | Rb8 is best | You keep the mating attack going: mate in 1. | ",
  "12 | best | Generic | Ka2 is best | The strongest move in the position. | ",
  "13 | best | Checkmate | Ra7# is best | Checkmate. You finish the game in style. | ",
]
`;

exports[`explain() snapshot over the three fixture games > https://www.chess.com/game/daily/1000337106 1`] = `
[
  "1 | excellent | Generic | g3 is excellent | A strong move; you stayed close to the engine's top line. | ",
  "2 | excellent | Generic | e5 is excellent | Nearly as strong as the engine's first choice. | ",
  "3 | excellent | Develops | Bg2 is excellent | A sound choice; your move develops the bishop. | ",
  "4 | excellent | Develops | Nf6 is excellent | A strong move: it develops the knight. | ",
  "5 | excellent | Generic | b3 is excellent | A strong move; you stayed close to the engine's top line. | ",
  "6 | excellent | Develops | Nc6 is excellent | A strong move: it develops the knight. | ",
  "7 | best | Develops | Bb2 is best | You bring your bishop into play. | ",
  "8 | excellent | Generic | d6 is excellent | Nearly as strong as the engine's first choice. | ",
  "9 | excellent | Generic | h3 is excellent | A strong move; you stayed close to the engine's top line. | ",
  "10 | excellent | Develops | Be6 is excellent | A strong move: it develops the bishop. | ",
  "11 | excellent | Generic | e3 is excellent | A strong move; you stayed close to the engine's top line. | ",
  "12 | excellent | Generic | Qd7 is excellent | Nearly as strong as the engine's first choice. | ",
  "13 | best | Develops | Nc3 is best | You bring your knight into play. | ",
  "14 | excellent | Castles | O-O-O is excellent | A strong move: it castles queenside. | ",
  "15 | excellent | Castles | O-O-O is excellent | A sound choice; your move castles queenside. | ",
  "16 | best | Generic | d5 is best | The strongest move in the position. | ",
  "17 | best | Generic | d3 is best | Exactly what the position called for; nicely done. | ",
  "18 | excellent | Develops | Bb4 is excellent | A strong move: it develops the bishop. | ",
  "19 | best | Develops | Nge2 is best | You bring your knight into play. | ",
  "20 | excellent | CaptureThreat|WinsTempo | d4 is excellent | A strong move: it attacks the knight and gains time. | ",
  "21 | excellent | Generic | Ne4 is excellent | A strong move; you stayed close to the engine's top line. | ",
  "22 | best | Generic | Nxe4 is best | The strongest move in the position. | ",
  "23 | best | Fork|Pin|Skewer|Discovered | dxe4 is best | You found it, pinning the pawn against the queen. | ",
  "24 | excellent | Generic | f5 is excellent | Nearly as strong as the engine's first choice. | ",
  "25 | excellent | Generic | exd4 is excellent | A strong move; you stayed close to the engine's top line. | ",
  "26 | good | Generic | Qe7 is good | A reasonable move, though Nxd4 was stronger. | Best was Nxd4",
  "27 | best | CaptureThreat|WinsTempo | d5 is best | You hit the knight and gain a tempo. | ",
  "28 | good | Generic | Ba3 is good | A reasonable move, though Bd7 was stronger. | Best was Bd7",
  "29 | excellent | WinsMaterial | dxe6 is excellent | A sound choice; your move wins a bishop after 15.dxe6 f4 16.Bxa3 Qxa3+ 17.Kb1. | ",
  "30 | excellent | EqualTrade | Bxb2+ is excellent | A strong move: it keeps material level with an even trade. | ",
  "31 | best | FreePiece | Kxb2 is best | You take the undefended bishop on b2. | ",
  "32 | excellent | Generic | Rxd1 is excellent | Nearly as strong as the engine's first choice. | ",
  "33 | best | FreePiece | Rxd1 is best | You take the undefended rook on d1. | ",
  "34 | good | Generic | Rd8 is good | A reasonable move, though f4 was stronger. | Best was f4",
  "35 | good | Generic | Re1 is good | Not bad, but Rxd8+ was a bit stronger. | Best was Rxd8+",
  "36 | excellent | DefendsPiece | Nd4 is excellent | A strong move: it covers the pawn on f5. | ",
  "37 | excellent | Generic | Nc3 is excellent | A strong move; you stayed close to the engine's top line. | ",
  "38 | good | Generic | Qxe6 is good | A reasonable move, though f4 was stronger. | Best was f4",
  "39 | good | Generic | Nd5 is good | Not bad, but exf5 was a bit stronger. | Best was exf5",
  "40 | excellent | CaptureThreat|WinsTempo | c6 is excellent | A strong move: it attacks the knight and gains time. | ",
  "41 | good | Generic | Ne3 is good | Not bad, but exf5 was a bit stronger. | Best was exf5",
  "42 | best | CaptureThreat|WinsTempo | f4 is best | Attacks the knight and gains time. | ",
  "43 | best | Generic | gxf4 is best | Exactly what the position called for; nicely done. | ",
  "44 | excellent | Recapture | exf4 is excellent | A strong move: it takes back the pawn. | ",
  "45 | best | Generic | Nc4 is best | Exactly what the position called for; nicely done. | ",
  "46 | excellent | Generic | b5 is excellent | Nearly as strong as the engine's first choice. | ",
  "47 | excellent | Generic | Nd2 is excellent | A strong move; you stayed close to the engine's top line. | ",
  "48 | good | Generic | a5 is good | A reasonable move, though Qe5 was stronger. | Best was Qe5",
  "49 | best | PassedPawn | e5 is best | You advance your passed pawn on the e-file. | ",
  "50 | good | Generic | c5 is good | A reasonable move, though a4 was stronger. | Best was a4",
  "51 | good | Generic | Bf1 is good | Not bad, but Nf3 was a bit stronger. | Best was Nf3",
  "52 | good | Generic | Nf5 is good | A reasonable move, though a4 was stronger. | Best was a4",
  "53 | excellent | Generic | Nf3 is excellent | A strong move; you stayed close to the engine's top line. | ",
  "54 | excellent | DefendsPiece | Nd4 is excellent | A strong move: it covers the pawn on b5. | ",
  "55 | good | Generic | Nd2 is good | Not bad, but Nxd4 was a bit stronger. | Best was Nxd4",
  "56 | best | Generic | a4 is best | The strongest move in the position. | ",
  "57 | best | Generic | Bd3 is best | Exactly what the position called for; nicely done. | ",
  "58 | good | Generic | Rd5 is good | A reasonable move, though a3+ was stronger. | Best was a3+",
  "59 | good | Generic | Ne4 is good | Not bad, but bxa4 was a bit stronger. | Best was bxa4",
  "60 | inaccuracy | MissedTactic | Qxh3 is an inaccuracy | Better was Qxe5, pinning the knight against the rook. | Best was Qxe5",
  "61 | excellent | DefendsPiece | Nd6+ is excellent | A sound choice; your move covers the pawn on e5. | ",
  "62 | excellent | Generic | Kc7 is excellent | Nearly as strong as the engine's first choice. | ",
  "63 | excellent | Generic | Nxb5+ is excellent | A strong move; you stayed close to the engine's top line. | ",
  "64 | best | Recapture | Nxb5 is best | Takes back the knight. | ",
  "65 | best | FreePiece | Bxb5 is best | You take the undefended knight on b5. | ",
  "66 | excellent | Generic | axb3 is excellent | Nearly as strong as the engine's first choice. | ",
  "67 | best | Recapture | axb3 is best | You recapture the pawn straight away. | ",
  "68 | excellent | Generic | Qf3 is excellent | Nearly as strong as the engine's first choice. | ",
  "69 | best | PassedPawn | e6 is best | You advance your passed pawn on the e-file. | ",
  "70 | brilliant | Brilliant | Qxf2 is brilliant | A hard-to-find sacrifice and the strongest move in the position. | ",
  "71 | best | WinsMaterial | Re2 is best | You come out ahead by the queen for a rook after 36.Re2 Qxe2 37.Bxe2 Re5. | ",
  "72 | best | Generic | Qd4+ is best | The strongest move in the position. | ",
  "73 | excellent | CaptureThreat|WinsTempo | c3 is excellent | A sound choice; your move attacks the queen and gains time. | ",
  "74 | good | Generic | f3 is good | A reasonable move, though Qd1 was stronger. | Best was Qd1",
  "75 | best | WinsMaterial | cxd4 is best | You come out ahead by material (about 4 pawns) after 38.cxd4 fxe2 39.Bxe2 Rxd4 40.Bh5. | ",
  "76 | best | WinsMaterial | fxe2 is best | The best move: it wins a rook after 38...fxe2 39.Bxe2 Rxd4 40.Bh5. | ",
  "77 | best | Recapture | Bxe2 is best | You recapture the pawn straight away. | ",
  "78 | excellent | Generic | Kd8 is excellent | Nearly as strong as Rxd4, which picks up the undefended pawn on d4. | Best was Rxd4",
  "79 | good | Generic | Bc4 is good | Not bad, but Bd3 was a bit stronger. | Best was Bd3",
  "80 | best | FreePiece | Rxd4 is best | Picks up a free pawn. | ",
  "81 | good | Generic | Ka3 is good | Not bad, but Kc3 was a bit stronger. | Best was Kc3",
  "82 | good | Generic | Ke7 is good | A reasonable move, though Rxc4 was stronger. | Best was Rxc4",
  "83 | good | Generic | Ka4 is good | Not bad, but Bb5 was a bit stronger. | Best was Bb5",
  "84 | good | Generic | Kd6 is good | A reasonable move, though Rxc4+ was stronger. | Best was Rxc4+",
  "85 | best | Generic | Kb5 is best | Exactly what the position called for; nicely done. | ",
  "86 | best | PassedPawn | h5 is best | Pushes the passed pawn further. | ",
  "87 | best | PassedPawn | e7 is best | You advance your passed pawn on the e-file. | ",
  "88 | excellent | EqualTrade | Kxe7 is excellent | A strong move: it keeps material level with an even trade. | ",
  "89 | best | FreePiece | Kxc5 is best | You take the undefended pawn on c5. | ",
  "90 | good | Generic | Rf4 is good | A reasonable move, though Rxc4+ was stronger. | Best was Rxc4+",
  "91 | best | PassedPawn | b4 is best | You advance your passed pawn on the b-file. | ",
  "92 | excellent | Generic | Kd8 is excellent | Nearly as strong as the engine's first choice. | ",
  "93 | excellent | WinsMaterial | b5 is excellent | A sound choice; your move wins the exchange after 47.b5 Rxc4+ 48.Kxc4 h4. | ",
  "94 | best | Generic | Kc7 is best | The strongest move in the position. | ",
  "95 | best | PassedPawn | b6+ is best | You advance your passed pawn on the b-file. | ",
  "96 | best | Generic | Kb8 is best | The strongest move in the position. | ",
  "97 | excellent | Generic | Be6 is excellent | A strong move; you stayed close to the engine's top line. | ",
  "98 | best | PassedPawn | g5 is best | Pushes the passed pawn further. | ",
  "99 | excellent | Generic | Kd5 is excellent | A strong move; you stayed close to the engine's top line. | ",
  "100 | best | PassedPawn | g4 is best | Pushes the passed pawn further. | ",
  "101 | excellent | Generic | Ke5 is excellent | A strong move; you stayed close to the engine's top line. | ",
  "102 | excellent | Generic | Rb4 is excellent | Nearly as strong as the engine's first choice. | ",
  "103 | best | Generic | Bf7 is best | Exactly what the position called for; nicely done. | ",
  "104 | best | PassedPawn | h4 is best | Pushes the passed pawn further. | ",
  "105 | excellent | Generic | Be6 is excellent | A strong move; you stayed close to the engine's top line. | ",
  "106 | best | PassedPawn | g3 is best | Pushes the passed pawn further. | ",
  "107 | best | Generic | Bh3 is best | Exactly what the position called for; nicely done. | ",
  "108 | excellent | Generic | Kb7 is excellent | Nearly as strong as the engine's first choice. | ",
  "109 | best | Generic | Kf5 is best | Exactly what the position called for; nicely done. | ",
  "110 | best | Generic | Kxb6 is best | The strongest move in the position. | ",
  "111 | best | Generic | Kg5 is best | Exactly what the position called for; nicely done. | ",
  "112 | best | Generic | Kc5 is best | The strongest move in the position. | ",
  "113 | best | Generic | Kh5 is best | Exactly what the position called for; nicely done. | ",
  "114 | best | Generic | Rd4 is best | The strongest move in the position. | ",
  "115 | best | Generic | Kg5 is best | Exactly what the position called for; nicely done. | ",
  "116 | best | Generic | Kc4 is best | The strongest move in the position. | ",
  "117 | best | Generic | Kh5 is best | Exactly what the position called for; nicely done. | ",
  "118 | best | Generic | Kd3 is best | The strongest move in the position. | ",
  "119 | best | Generic | Kg5 is best | Exactly what the position called for; nicely done. | ",
  "120 | best | Generic | Ke3 is best | The strongest move in the position. | ",
  "121 | best | Generic | Kh5 is best | Exactly what the position called for; nicely done. | ",
  "122 | best | Generic | Kf2 is best | The strongest move in the position. | ",
  "123 | best | Generic | Kg5 is best | Exactly what the position called for; nicely done. | ",
  "124 | best | PassedPawn | g2 is best | Pushes the passed pawn further. | ",
  "125 | inaccuracy | Generic | Bxg2 is an inaccuracy | Not quite precise; Kf5 was a touch better. | Best was Kf5",
  "126 | best | StillMate | Kxg2 is best | Keeps the mating attack on track: mate in 9. | ",
  "127 | best | Generic | Kf5 is best | Exactly what the position called for; nicely done. | ",
  "128 | best | StillMate | h3 is best | Keeps the mating attack on track: mate in 8. | ",
  "129 | best | Generic | Ke5 is best | Exactly what the position called for; nicely done. | ",
  "130 | good | Generic | Ra4 is good | A reasonable move, though Rd1 was stronger. | Best was Rd1",
  "131 | good | Generic | Kf5 is good | Not bad, but Kd6 was a bit stronger. | Best was Kd6",
  "132 | best | StillMate | h2 is best | Keeps the mating attack on track: mate in 7. | ",
  "133 | good | Generic | Kg5 is good | Not bad, but Kf6 was a bit stronger. | Best was Kf6",
  "134 | best | StillMate | h1=Q is best | Keeps the mating attack on track: mate in 4. | ",
  "135 | best | Generic | Kf5 is best | Exactly what the position called for; nicely done. | ",
  "136 | excellent | Generic | Qh5+ is excellent | Nearly as strong as the engine's first choice. | ",
  "137 | best | Generic | Kf6 is best | Exactly what the position called for; nicely done. | ",
  "138 | best | StillMate | Ra6+ is best | Keeps the mating attack on track: mate in 3. | ",
  "139 | best | Generic | Kg7 is best | Exactly what the position called for; nicely done. | ",
  "140 | best | StillMate | Qb5 is best | Keeps the mating attack on track: mate in 2. | ",
  "141 | best | Generic | Kf7 is best | Exactly what the position called for; nicely done. | ",
  "142 | best | StillMate | Qb7+ is best | Keeps the mating attack on track: mate in 1. | ",
  "143 | best | Generic | Ke8 is best | Exactly what the position called for; nicely done. | ",
  "144 | best | Checkmate | Ra8# is best | Checkmate. Game over. | ",
]
`;

exports[`explain() snapshot over the three fixture games > https://www.chess.com/game/live/129688175007 1`] = `
[
  "1 | book | Book | e4 is a book move | A known opening move. You are following the King's Pawn Game (B00). | This enters the King's Pawn Game. | ",
  "2 | book | Book | g6 is a book move | Modern Defense (B06). A known opening move. | This enters the Modern Defense. | ",
  "3 | best | Generic | d4 is best | Exactly what the position called for; nicely done. | ",
  "4 | excellent | Generic | c5 is excellent | Nearly as strong as the engine's first choice. | ",
  "5 | best | FreePiece | dxc5 is best | You take the undefended pawn on c5. | ",
  "6 | good | Generic | Qa5+ is good | A reasonable move, though Bg7 was stronger. | Best was Bg7",
  "7 | good | Generic | c3 is good | Not bad, but Nc3 was a bit stronger. | Best was Nc3",
  "8 | best | FreePiece | Qxc5 is best | Picks up a free pawn. | ",
  "9 | best | Develops | Na3 is best | You bring your knight into play. | ",
  "10 | excellent | Develops | Bg7 is excellent | A strong move: it develops the bishop. | ",
  "11 | excellent | Generic | Nb5 is excellent | A strong move; you stayed close to the engine's top line. | ",
  "12 | inaccuracy | AllowsCounterplay | a6 is an inaccuracy | This allows Qd5, which is unpleasant to meet. | Best was Qc6",
  "13 | good | Generic | Be3 is good | Not bad, but Qd5 was a bit stronger. | Best was Qd5",
  "14 | best | Generic | Qc6 is best | The strongest move in the position. | ",
  "15 | best | CaptureThreat|WinsTempo | Na7 is best | You hit the queen and gain a tempo. | ",
  "16 | best | Generic | Qc7 is best | The strongest move in the position. | ",
  "17 | best | EqualTrade | Nxc8 is best | You trade evenly and keep material level. | ",
  "18 | best | FreePiece | Qxc8 is best | Picks up a free knight. | ",
  "19 | good | Generic | Nf3 is good | Not bad, but Nh3 was a bit stronger. | Best was Nh3",
  "20 | good | Generic | d6 is good | A reasonable move, though Nf6 was stronger. | Best was Nf6",
  "21 | inaccuracy | Generic | Bd3 is an inaccuracy | Not quite precise; Qb3 was a touch better. | Best was Qb3",
  "22 | best | Develops | Nd7 is best | Develops the knight toward the centre. | ",
  "23 | best | Castles | O-O is best | You castle kingside and tuck your king away. | ",
  "24 | best | Develops | Ngf6 is best | Develops the knight toward the centre. | ",
  "25 | best | Generic | Re1 is best | Exactly what the position called for; nicely done. | ",
  "26 | best | Castles | O-O is best | Castles, bringing the king to safety and connecting the rooks. | ",
  "27 | excellent | Generic | Bc2 is excellent | A strong move; you stayed close to the engine's top line. | ",
  "28 | excellent | Generic | Ng4 is excellent | Nearly as strong as the engine's first choice. | ",
  "29 | excellent | Generic | Bf4 is excellent | A strong move; you stayed close to the engine's top line. | ",
  "30 | excellent | Generic | Qc5 is excellent | Nearly as strong as the engine's first choice. | ",
  "31 | excellent | DefendsPiece | Qd2 is excellent | A sound choice; your move covers the pawn on f2. | ",
  "32 | good | Generic | Rfd8 is good | A reasonable move, though b5 was stronger. | Best was b5",
  "33 | excellent | CaptureThreat|WinsTempo | h3 is excellent | A sound choice; your move attacks the knight and gains time. | ",
  "34 | good | Generic | Ngf6 is good | A reasonable move, though Nge5 was stronger. | Best was Nge5",
  "35 | excellent | Generic | Rad1 is excellent | A strong move; you stayed close to the engine's top line. | ",
  "36 | best | Generic | Qb6 is best | The strongest move in the position. | ",
  "37 | excellent | DefendsPiece | Bb1 is excellent | A sound choice; your move covers the pawn on b2. | ",
  "38 | excellent | Generic | Rac8 is excellent | Nearly as strong as the engine's first choice. | ",
  "39 | excellent | CaptureThreat|WinsTempo | Be3 is excellent | A sound choice; your move attacks the queen and gains time. | ",
  "40 | best | Generic | Qc7 is best | The strongest move in the position. | ",
  "41 | good | Generic | Bh6 is good | Not bad, but Qe2 was a bit stronger. | Best was Qe2",
  "42 | excellent | Generic | Nb6 is excellent | Nearly as strong as the engine's first choice. | ",
  "43 | excellent | EqualTrade | Bxg7 is excellent | A sound choice; your move keeps material level with an even trade. | ",
  "44 | best | FreePiece | Kxg7 is best | Picks up a free bishop. | ",
  "45 | excellent | Generic | Qf4 is excellent | A strong move; you stayed close to the engine's top line. | ",
  "46 | excellent | CaptureThreat|WinsTempo | e5 is excellent | A strong move: it attacks the queen and gains time. | ",
  "47 | good | Generic | Qh4 is good | Not bad, but Qc1 was a bit stronger. | Best was Qc1",
  "48 | good | Generic | Na4 is good | A reasonable move, though Nc4 was stronger. | Best was Nc4",
  "49 | best | DefendsPiece | Re2 is best | Your pawn on b2 was under attack; now it is safe. | ",
  "50 | excellent | Generic | b5 is excellent | Nearly as strong as the engine's first choice. | ",
  "51 | good | Generic | Red2 is good | Not bad, but Nh2 was a bit stronger. | Best was Nh2",
  "52 | excellent | Generic | Rd7 is excellent | Nearly as strong as the engine's first choice. | ",
  "53 | good | Generic | Qg5 is good | Not bad, but Nh2 was a bit stronger. | Best was Nh2",
  "54 | excellent | CaptureThreat|WinsTempo | h6 is excellent | A strong move: it attacks the queen and gains time. | ",
  "55 | best | Generic | Qe3 is best | Exactly what the position called for; nicely done. | ",
  "56 | best | Generic | Rcd8 is best | The strongest move in the position. | ",
  "57 | best | Generic | a3 is best | Exactly what the position called for; nicely done. | ",
  "58 | good | Generic | Re8 is good | A reasonable move, though Nb6 was stronger. | Best was Nb6",
  "59 | good | Generic | Ba2 is good | Not bad, but Nh2 was a bit stronger. | Best was Nh2",
  "60 | good | Generic | Red8 is good | A reasonable move, though Qc6 was stronger. | Best was Qc6",
  "61 | excellent | Generic | Bb3 is excellent | A strong move; you stayed close to the engine's top line. | ",
  "62 | best | Generic | Nc5 is best | The strongest move in the position. | ",
  "63 | best | DefendsPiece | Bd5 is best | Your pawn on e4 was under attack; now it is safe. | ",
  "64 | excellent | EqualTrade | Nxd5 is excellent | A strong move: it keeps material level with an even trade. | ",
  "65 | best | FreePiece | Rxd5 is best | You take the undefended knight on d5. | ",
  "66 | best | Generic | Na4 is best | The strongest move in the position. | ",
  "67 | excellent | DefendsPiece | Qd2 is excellent | A sound choice; your move covers the pawn on b2. | ",
  "68 | best | CaptureThreat|WinsTempo | Nb6 is best | Attacks the rook and gains time. | ",
  "69 | best | Generic | Rd3 is best | Exactly what the position called for; nicely done. | ",
  "70 | best | Generic | d5 is best | The strongest move in the position. | ",
  "71 | best | DefendsPiece | Qe2 is best | Your pawn on e4 was under attack; now it is safe. | ",
  "72 | best | Generic | dxe4 is best | The strongest move in the position. | ",
  "73 | best | DefendsPiece | Qxe4 is best | Your rook on d3 was under attack; now it is safe. | ",
  "74 | best | DefendsPiece | Nc4 is best | Covers the pawn on e5, which was under attack. | ",
  "75 | best | CaptureThreat|WinsTempo | Rxd7 is best | You hit the queen and gain a tempo. | ",
  "76 | best | WinsMaterial | Rxd7 is best | The best move: it wins material (about 4 pawns) after 38...Rxd7 39.Rxd7 Qxd7 40.Nxe5 Qd1+. | ",
  "77 | best | Recapture | Rxd7 is best | You recapture the rook straight away. | ",
  "78 | best | FreePiece | Qxd7 is best | Picks up a free rook. | ",
  "79 | best | CaptureThreat|WinsTempo | Nxe5 is best | You hit the queen and gain a tempo. | ",
  "80 | excellent | WinsMaterial | Qe6 is excellent | A strong move: it wins a pawn after 40...Qe6 41.f4 Nxb2 42.Qd4. | ",
  "81 | great | Critical(Find) | f4 is a great move | You found the only move that holds. | ",
  "82 | best | FreePiece | Nxb2 is best | Picks up a free pawn. | ",
  "83 | best | Generic | Qd4 is best | Exactly what the position called for; nicely done. | ",
  "84 | best | Generic | Qf6 is best | The strongest move in the position. | ",
  "85 | excellent | Generic | g3 is excellent | A strong move; you stayed close to the engine's top line. | ",
  "86 | best | Generic | Nc4 is best | The strongest move in the position. | ",
  "87 | best | DefendsPiece | Nxc4 is best | Your pawn on a3 was under attack; now it is safe. | ",
  "88 | best | WinsMaterial | Qxd4+ is best | The best move: it wins a knight after 44...Qxd4+ 45.cxd4 bxc4 46.Kf2. | ",
  "89 | best | FreePiece | cxd4 is best | You take the undefended queen on d4. | ",
  "90 | best | FreePiece | bxc4 is best | Picks up a free knight. | ",
  "91 | great | Critical(Find) | Kf2 is a great move | You found the only move that holds. | ",
  "92 | best | Generic | Kf6 is best | The strongest move in the position. | ",
  "93 | blunder | EvalSwing | Ke2 is a blunder | The balance shifts here. From a level game, you have slipped into a lost position. | Best was d5",
  "94 | best | Generic | Ke6 is best | The strongest move in the position. | ",
  "95 | excellent | Generic | Kd2 is excellent | A strong move; you stayed close to the engine's top line. | ",
  "96 | best | WinsMaterial | Kd5 is best | The best move: it wins a pawn after 48...Kd5 49.g4 Kxd4 50.Ke2. | ",
  "97 | excellent | DefendsPiece | Kc3 is excellent | A sound choice; your move covers the pawn on d4. | ",
  "98 | blunder | MissedWin | f5 is a blunder | This misses f6, which kept a winning position. | Black was winning; the game is now much closer. | Best was f6",
  "99 | great | Critical(Find) | g4 is a great move | You found the only move that holds. | You now hold the upper hand. | ",
  "100 | best | EqualTrade | fxg4 is best | An even trade. | ",
  "101 | best | FreePiece | hxg4 is best | You take the undefended pawn on g4. | ",
  "102 | mistake | EvalSwing | h5 is a mistake | Black was already worse; now the position is lost. | Best was a5",
  "103 | great | Critical(Find) | f5 is a great move | You found the only move that holds; anything else loses the advantage. | ",
  "104 | mistake | Generic | hxg4 is a mistake | A clear step down from gxf5. | Best was gxf5",
  "105 | best | FreePiece | fxg6 is best | You take the undefended pawn on g6. | ",
  "106 | best | Generic | Ke6 is best | The strongest move in the position. | ",
  "107 | great | Critical(Find) | d5+ is a great move | You found the only move that holds; anything else loses the advantage. | ",
  "108 | best | Generic | Kf6 is best | The strongest move in the position. | ",
  "109 | great | Critical(Find) | d6 is a great move | You found the only move that holds; anything else loses the advantage. | ",
  "110 | best | PassedPawn | g3 is best | Pushes the passed pawn further. | ",
  "111 | great | Critical(Find) | d7 is a great move | You found the only move that holds; anything else loses the advantage. | ",
  "112 | best | Generic | Kxg6 is best | The strongest move in the position. | ",
]
`;
